CREATE EXTENSION test_crc32c;
select drive_crc32c(1, i) from generate_series(100, 300, 4) i;
 drive_crc32c 
--------------
    532139994
   2103623867
    785984197
   2686825890
   3213049059
   3819630168
   1389234603
    534072900
   2930108140
   2496889855
   1475239611
    136366931
   3067402116
   2012717871
   3682416023
   2054270645
   1817339875
   4100939569
   1192727539
   3636976218
    369764421
   3161609879
   1067984880
   1235066769
   3138425899
    648132037
   4203750233
   1330187888
   2683521348
   1951644495
   2574090107
   3904902018
   3772697795
   1644686344
   2868962106
   3369218491
   3902689890
   3456411865
    141004025
   1504497996
   3782655204
   3544797610
   3429174879
   2524728016
   3935861181
     25498897
    692684159
    345705535
   2761600287
   2654632420
   3945991399
(51 rows)

